// Jest Snapshot v1, https://goo.gl/fbAQLP

exports[`App Container - Container renders with no problem 1`] = `
<div
  className="app sc-bdVaJa bDWFJH"
>
  <a
    href="/"
    onClick={[Function]}
  >
    Home
  </a>
  <a
    href="/test"
    onClick={[Function]}
  >
    Test
  </a>
  App Page
</div>
`;
