// Jest Snapshot v1, https://goo.gl/fbAQLP

exports[`Home Container - Container renders with no problem 1`] = `
<div
  className="home-page sc-htpNat bwjOlV"
>
  Home Page
  <div
    className="test-component sc-bwzfXH jPKXJw"
  >
    Test Component
    <div
      className="test-element sc-bdVaJa hXWJrw"
    >
      Test Element
    </div>
  </div>
</div>
`;
